
> @norijjak/web@0.1.0 start /Users/tapasyadubey/Documents/GitHub/NoriJjak/apps/web
> next start

 ⨯ Failed to start server
Error: listen EADDRINUSE: address already in use :::3000
    at Server.setupListenHandle [as _listen2] (node:net:1939:16)
    at listenInCluster (node:net:1996:12)
    at Server.listen (node:net:2101:7)
    at /Users/tapasyadubey/Documents/GitHub/NoriJjak/node_modules/.pnpm/next@14.1.0_@babel+core@7.28.5_react-dom@18.3.1_react@18.3.1__react@18.3.1/node_modules/next/dist/server/lib/start-server.js:278:16
    at new Promise (<anonymous>)
    at startServer (/Users/tapasyadubey/Documents/GitHub/NoriJjak/node_modules/.pnpm/next@14.1.0_@babel+core@7.28.5_react-dom@18.3.1_react@18.3.1__react@18.3.1/node_modules/next/dist/server/lib/start-server.js:190:11)
    at nextStart (/Users/tapasyadubey/Documents/GitHub/NoriJjak/node_modules/.pnpm/next@14.1.0_@babel+core@7.28.5_react-dom@18.3.1_react@18.3.1__react@18.3.1/node_modules/next/dist/cli/next-start.js:50:40)
    at /Users/tapasyadubey/Documents/GitHub/NoriJjak/node_modules/.pnpm/next@14.1.0_@babel+core@7.28.5_react-dom@18.3.1_react@18.3.1__react@18.3.1/node_modules/next/dist/bin/next:155:54
    at async main (/Users/tapasyadubey/Documents/GitHub/NoriJjak/node_modules/.pnpm/next@14.1.0_@babel+core@7.28.5_react-dom@18.3.1_react@18.3.1__react@18.3.1/node_modules/next/dist/bin/next:155:5) {
  code: 'EADDRINUSE',
  errno: -48,
  syscall: 'listen',
  address: '::',
  port: 3000
}
/Users/tapasyadubey/Documents/GitHub/NoriJjak/apps/web:
 ERR_PNPM_RECURSIVE_RUN_FIRST_FAIL  @norijjak/web@0.1.0 start: `next start`
Exit status 1
